0 verbose cli C:\Program Files\nodejs\node.exe C:\Program Files\nodejs\node_modules\npm\bin\npm-cli.js
1 info using npm@10.9.2
2 info using node@v22.14.0
3 silly config load:file:C:\Program Files\nodejs\node_modules\npm\npmrc
4 silly config load:file:E:\portfolio\my-portfolio\server\.npmrc
5 silly config load:file:C:\Users\HP\.npmrc
6 silly config load:file:E:\portfolio\my-portfolio\server\.npm-global\etc\npmrc
7 verbose title npm install express cors dotenv
8 verbose argv "install" "express" "cors" "dotenv"
9 verbose logfile logs-max:10 dir:E:\portfolio\my-portfolio\server\.npm-cache\_logs\2026-08-24T15_14_44_587Z-
10 verbose logfile E:\portfolio\my-portfolio\server\.npm-cache\_logs\2026-08-24T15_14_44_587Z-debug-0.log
11 silly logfile done cleaning log files
12 silly packumentCache heap:2197815296 maxSize:549453824 maxEntrySize:274726912
13 silly idealTree buildDeps
14 silly fetch manifest @google/genai@^0.1.1
15 silly packumentCache full:https://registry.npmjs.org/@google%2fgenai cache-miss
16 http cache https://registry.npmjs.org/@google%2fgenai 28ms (cache hit)
17 silly packumentCache full:https://registry.npmjs.org/@google%2fgenai set size:545639 disposed:false
18 silly fetch manifest cors@^2.8.5
19 silly packumentCache full:https://registry.npmjs.org/cors cache-miss
20 http cache https://registry.npmjs.org/cors 7ms (cache hit)
21 silly packumentCache full:https://registry.npmjs.org/cors set size:77956 disposed:false
22 silly fetch manifest dotenv@^16.4.5
23 silly packumentCache full:https://registry.npmjs.org/dotenv cache-miss
24 http cache https://registry.npmjs.org/dotenv 8ms (cache hit)
25 silly packumentCache full:https://registry.npmjs.org/dotenv set size:277821 disposed:false
26 silly fetch manifest express@^4.19.2
27 silly packumentCache full:https://registry.npmjs.org/express cache-miss
28 http cache https://registry.npmjs.org/express 11ms (cache hit)
29 silly packumentCache full:https://registry.npmjs.org/express set size:804975 disposed:false
30 silly fetch manifest nodemailer@^6.9.13
31 silly packumentCache full:https://registry.npmjs.org/nodemailer cache-miss
32 http cache https://registry.npmjs.org/nodemailer 9ms (cache hit)
33 silly packumentCache full:https://registry.npmjs.org/nodemailer set size:603058 disposed:false
34 silly placeDep ROOT @google/genai@ OK for: portfolio-backend@1.0.0 want: ^0.1.1
35 silly placeDep ROOT cors@2.8.6 OK for: portfolio-backend@1.0.0 want: ^2.8.5
36 silly placeDep ROOT dotenv@16.6.1 OK for: portfolio-backend@1.0.0 want: ^16.4.5
37 silly placeDep ROOT express@4.22.2 OK for: portfolio-backend@1.0.0 want: ^4.19.2
38 silly placeDep ROOT nodemailer@6.10.1 OK for: portfolio-backend@1.0.0 want: ^6.9.13
39 silly fetch manifest object-assign@^4
40 silly packumentCache full:https://registry.npmjs.org/object-assign cache-miss
41 silly fetch manifest vary@^1
42 silly packumentCache full:https://registry.npmjs.org/vary cache-miss
43 silly fetch manifest qs@~6.15.1
44 silly packumentCache full:https://registry.npmjs.org/qs cache-miss
45 silly fetch manifest depd@2.0.0
46 silly packumentCache full:https://registry.npmjs.org/depd cache-miss
47 silly fetch manifest etag@~1.8.1
48 silly packumentCache full:https://registry.npmjs.org/etag cache-miss
49 silly fetch manifest send@~0.19.0
50 silly packumentCache full:https://registry.npmjs.org/send cache-miss
51 silly fetch manifest vary@~1.1.2
52 silly packumentCache full:https://registry.npmjs.org/vary cache-miss
53 silly fetch manifest debug@2.6.9
54 silly packumentCache full:https://registry.npmjs.org/debug cache-miss
55 silly fetch manifest fresh@~0.5.2
56 silly packumentCache full:https://registry.npmjs.org/fresh cache-miss
57 silly fetch manifest cookie@~0.7.1
58 silly packumentCache full:https://registry.npmjs.org/cookie cache-miss
59 silly fetch manifest accepts@~1.3.8
60 silly packumentCache full:https://registry.npmjs.org/accepts cache-miss
61 http cache https://registry.npmjs.org/depd 29ms (cache hit)
62 silly packumentCache full:https://registry.npmjs.org/depd set size:40182 disposed:false
63 silly fetch manifest methods@~1.1.2
64 silly packumentCache full:https://registry.npmjs.org/methods cache-miss
65 http cache https://registry.npmjs.org/vary 32ms (cache hit)
66 silly packumentCache full:https://registry.npmjs.org/vary set size:15994 disposed:false
67 silly fetch manifest type-is@~1.6.18
68 silly packumentCache full:https://registry.npmjs.org/type-is cache-miss
69 http cache https://registry.npmjs.org/object-assign 34ms (cache hit)
70 silly packumentCache full:https://registry.npmjs.org/object-assign set size:28988 disposed:false
71 silly fetch manifest parseurl@~1.3.3
72 silly packumentCache full:https://registry.npmjs.org/parseurl cache-miss
73 http cache https://registry.npmjs.org/etag 35ms (cache hit)
74 silly packumentCache full:https://registry.npmjs.org/etag set size:30032 disposed:false
75 silly fetch manifest statuses@~2.0.1
76 silly packumentCache full:https://registry.npmjs.org/statuses cache-miss
77 http cache https://registry.npmjs.org/send 44ms (cache hit)
78 silly packumentCache full:https://registry.npmjs.org/send set size:152810 disposed:false
79 silly fetch manifest encodeurl@~2.0.0
80 silly packumentCache full:https://registry.npmjs.org/encodeurl cache-miss
81 http cache https://registry.npmjs.org/vary 48ms (cache hit)
82 silly packumentCache full:https://registry.npmjs.org/vary set size:15994 disposed:false
83 silly packumentCache full:https://registry.npmjs.org/vary dispose
84 silly fetch manifest proxy-addr@~2.0.7
85 silly packumentCache full:https://registry.npmjs.org/proxy-addr cache-miss
86 http cache https://registry.npmjs.org/debug 48ms (cache hit)
87 silly packumentCache full:https://registry.npmjs.org/debug set size:195840 disposed:false
88 silly fetch manifest body-parser@~1.20.5
89 silly packumentCache full:https://registry.npmjs.org/body-parser cache-miss
90 http cache https://registry.npmjs.org/qs 53ms (cache hit)
91 silly packumentCache full:https://registry.npmjs.org/qs set size:360318 disposed:false
92 silly fetch manifest escape-html@~1.0.3
93 silly packumentCache full:https://registry.npmjs.org/escape-html cache-miss
94 http cache https://registry.npmjs.org/fresh 55ms (cache hit)
95 silly packumentCache full:https://registry.npmjs.org/fresh set size:25427 disposed:false
96 silly fetch manifest http-errors@~2.0.0
97 silly packumentCache full:https://registry.npmjs.org/http-errors cache-miss
98 http cache https://registry.npmjs.org/accepts 56ms (cache hit)
99 silly packumentCache full:https://registry.npmjs.org/accepts set size:77054 disposed:false
100 silly fetch manifest on-finished@~2.4.1
101 silly packumentCache full:https://registry.npmjs.org/on-finished cache-miss
102 http cache https://registry.npmjs.org/cookie 58ms (cache hit)
103 silly packumentCache full:https://registry.npmjs.org/cookie set size:78274 disposed:false
104 silly fetch manifest safe-buffer@5.2.1
105 silly packumentCache full:https://registry.npmjs.org/safe-buffer cache-miss
106 http cache https://registry.npmjs.org/type-is 42ms (cache hit)
107 silly packumentCache full:https://registry.npmjs.org/type-is set size:88614 disposed:false
108 silly fetch manifest utils-merge@1.0.1
109 silly packumentCache full:https://registry.npmjs.org/utils-merge cache-miss
110 http cache https://registry.npmjs.org/parseurl 43ms (cache hit)
111 silly packumentCache full:https://registry.npmjs.org/parseurl set size:24148 disposed:false
112 silly fetch manifest content-type@~1.0.4
113 silly packumentCache full:https://registry.npmjs.org/content-type cache-miss
114 http cache https://registry.npmjs.org/statuses 41ms (cache hit)
115 silly packumentCache full:https://registry.npmjs.org/statuses set size:37117 disposed:false
116 silly fetch manifest finalhandler@~1.3.1
117 silly packumentCache full:https://registry.npmjs.org/finalhandler cache-miss
118 http cache https://registry.npmjs.org/methods 50ms (cache hit)
119 silly packumentCache full:https://registry.npmjs.org/methods set size:12600 disposed:false
120 silly fetch manifest range-parser@~1.2.1
121 silly packumentCache full:https://registry.npmjs.org/range-parser cache-miss
122 http cache https://registry.npmjs.org/encodeurl 35ms (cache hit)
123 silly packumentCache full:https://registry.npmjs.org/encodeurl set size:12296 disposed:false
124 silly fetch manifest serve-static@~1.16.2
125 silly packumentCache full:https://registry.npmjs.org/serve-static cache-miss
126 http cache https://registry.npmjs.org/proxy-addr 35ms (cache hit)
127 silly packumentCache full:https://registry.npmjs.org/proxy-addr set size:61619 disposed:false
128 silly fetch manifest array-flatten@1.1.1
129 silly packumentCache full:https://registry.npmjs.org/array-flatten cache-miss
130 http cache https://registry.npmjs.org/body-parser 34ms (cache hit)
131 silly packumentCache full:https://registry.npmjs.org/body-parser set size:204559 disposed:false
132 silly fetch manifest path-to-regexp@~0.1.12
133 silly packumentCache full:https://registry.npmjs.org/path-to-regexp cache-miss
134 http cache https://registry.npmjs.org/escape-html 32ms (cache hit)
135 silly packumentCache full:https://registry.npmjs.org/escape-html set size:7345 disposed:false
136 silly fetch manifest setprototypeof@1.2.0
137 silly packumentCache full:https://registry.npmjs.org/setprototypeof cache-miss
138 http cache https://registry.npmjs.org/http-errors 36ms (cache hit)
139 silly packumentCache full:https://registry.npmjs.org/http-errors set size:71987 disposed:false
140 silly fetch manifest cookie-signature@~1.0.6
141 silly packumentCache full:https://registry.npmjs.org/cookie-signature cache-miss
142 http cache https://registry.npmjs.org/on-finished 37ms (cache hit)
143 silly packumentCache full:https://registry.npmjs.org/on-finished set size:23212 disposed:false
144 silly fetch manifest merge-descriptors@1.0.3
145 silly packumentCache full:https://registry.npmjs.org/merge-descriptors cache-miss
146 http cache https://registry.npmjs.org/safe-buffer 36ms (cache hit)
147 silly packumentCache full:https://registry.npmjs.org/safe-buffer set size:41183 disposed:false
148 silly fetch manifest content-disposition@~0.5.4
149 silly packumentCache full:https://registry.npmjs.org/content-disposition cache-miss
150 http cache https://registry.npmjs.org/content-type 33ms (cache hit)
151 silly packumentCache full:https://registry.npmjs.org/content-type set size:23936 disposed:false
152 http cache https://registry.npmjs.org/finalhandler 33ms (cache hit)
153 silly packumentCache full:https://registry.npmjs.org/finalhandler set size:79291 disposed:false
154 http cache https://registry.npmjs.org/range-parser 34ms (cache hit)
155 silly packumentCache full:https://registry.npmjs.org/range-parser set size:24852 disposed:false
156 http cache https://registry.npmjs.org/utils-merge 39ms (cache hit)
157 silly packumentCache full:https://registry.npmjs.org/utils-merge set size:5237 disposed:false
158 http cache https://registry.npmjs.org/serve-static 32ms (cache hit)
159 silly packumentCache full:https://registry.npmjs.org/serve-static set size:150391 disposed:false
160 http cache https://registry.npmjs.org/array-flatten 33ms (cache hit)
161 silly packumentCache full:https://registry.npmjs.org/array-flatten set size:24005 disposed:false
162 http cache https://registry.npmjs.org/setprototypeof 30ms (cache hit)
163 silly packumentCache full:https://registry.npmjs.org/setprototypeof set size:14532 disposed:false
164 http cache https://registry.npmjs.org/path-to-regexp 33ms (cache hit)
165 silly packumentCache full:https://registry.npmjs.org/path-to-regexp set size:216334 disposed:false
166 http cache https://registry.npmjs.org/cookie-signature 31ms (cache hit)
167 silly packumentCache full:https://registry.npmjs.org/cookie-signature set size:21777 disposed:false
168 http cache https://registry.npmjs.org/merge-descriptors 29ms (cache hit)
169 silly packumentCache full:https://registry.npmjs.org/merge-descriptors set size:16527 disposed:false
170 http cache https://registry.npmjs.org/content-disposition 29ms (cache hit)
171 silly packumentCache full:https://registry.npmjs.org/content-disposition set size:45446 disposed:false
172 silly placeDep ROOT object-assign@4.1.1 OK for: cors@2.8.6 want: ^4
173 silly placeDep ROOT vary@1.1.2 OK for: cors@2.8.6 want: ^1
174 silly placeDep ROOT accepts@1.3.8 OK for: express@4.22.2 want: ~1.3.8
175 silly placeDep ROOT array-flatten@1.1.1 OK for: express@4.22.2 want: 1.1.1
176 silly placeDep ROOT body-parser@1.20.6 OK for: express@4.22.2 want: ~1.20.5
177 silly placeDep ROOT content-disposition@0.5.4 OK for: express@4.22.2 want: ~0.5.4
178 silly placeDep ROOT content-type@1.0.5 OK for: express@4.22.2 want: ~1.0.4
179 silly placeDep ROOT cookie@0.7.2 OK for: express@4.22.2 want: ~0.7.1
180 silly placeDep ROOT cookie-signature@1.0.7 OK for: express@4.22.2 want: ~1.0.6
181 silly placeDep ROOT debug@2.6.9 OK for: express@4.22.2 want: 2.6.9
182 silly placeDep ROOT depd@2.0.0 OK for: express@4.22.2 want: 2.0.0
183 silly placeDep ROOT encodeurl@2.0.0 OK for: express@4.22.2 want: ~2.0.0
184 silly placeDep ROOT escape-html@1.0.3 OK for: express@4.22.2 want: ~1.0.3
185 silly placeDep ROOT etag@1.8.1 OK for: express@4.22.2 want: ~1.8.1
186 silly placeDep ROOT finalhandler@1.3.2 OK for: express@4.22.2 want: ~1.3.1
187 silly placeDep ROOT fresh@0.5.2 OK for: express@4.22.2 want: ~0.5.2
188 silly placeDep ROOT http-errors@2.0.1 OK for: express@4.22.2 want: ~2.0.0
189 silly placeDep ROOT merge-descriptors@1.0.3 OK for: express@4.22.2 want: 1.0.3
190 silly placeDep ROOT methods@1.1.2 OK for: express@4.22.2 want: ~1.1.2
191 silly placeDep ROOT on-finished@2.4.1 OK for: express@4.22.2 want: ~2.4.1
192 silly placeDep ROOT parseurl@1.3.3 OK for: express@4.22.2 want: ~1.3.3
193 silly placeDep ROOT path-to-regexp@0.1.13 OK for: express@4.22.2 want: ~0.1.12
194 silly placeDep ROOT proxy-addr@2.0.7 OK for: express@4.22.2 want: ~2.0.7
195 silly placeDep ROOT qs@6.15.3 OK for: express@4.22.2 want: ~6.15.1
196 silly placeDep ROOT range-parser@1.2.1 OK for: express@4.22.2 want: ~1.2.1
197 silly placeDep ROOT safe-buffer@5.2.1 OK for: express@4.22.2 want: 5.2.1
198 silly placeDep ROOT send@0.19.2 OK for: express@4.22.2 want: ~0.19.0
199 silly placeDep ROOT serve-static@1.16.3 OK for: express@4.22.2 want: ~1.16.2
200 silly placeDep ROOT setprototypeof@1.2.0 OK for: express@4.22.2 want: 1.2.0
201 silly placeDep ROOT statuses@2.0.2 OK for: express@4.22.2 want: ~2.0.1
202 silly placeDep ROOT type-is@1.6.18 OK for: express@4.22.2 want: ~1.6.18
203 silly placeDep ROOT utils-merge@1.0.1 OK for: express@4.22.2 want: 1.0.1
204 silly fetch manifest mime-types@~2.1.34
205 silly packumentCache full:https://registry.npmjs.org/mime-types cache-miss
206 silly fetch manifest negotiator@0.6.3
207 silly packumentCache full:https://registry.npmjs.org/negotiator cache-miss
208 silly fetch manifest bytes@~3.1.2
209 silly packumentCache full:https://registry.npmjs.org/bytes cache-miss
210 silly fetch manifest unpipe@~1.0.0
211 silly packumentCache full:https://registry.npmjs.org/unpipe cache-miss
212 silly fetch manifest destroy@~1.2.0
213 silly packumentCache full:https://registry.npmjs.org/destroy cache-miss
214 silly fetch manifest raw-body@~2.5.3
215 silly packumentCache full:https://registry.npmjs.org/raw-body cache-miss
216 silly fetch manifest iconv-lite@~0.4.24
217 silly packumentCache full:https://registry.npmjs.org/iconv-lite cache-miss
218 silly fetch manifest http-errors@~2.0.1
219 silly packumentCache full:https://registry.npmjs.org/http-errors cache-hit
220 silly fetch manifest content-type@~1.0.5
221 silly packumentCache full:https://registry.npmjs.org/content-type cache-hit
222 silly fetch manifest ms@2.0.0
223 silly packumentCache full:https://registry.npmjs.org/ms cache-miss
224 silly fetch manifest unpipe@~1.0.0
225 silly packumentCache full:https://registry.npmjs.org/unpipe cache-miss
226 silly fetch manifest statuses@~2.0.2
227 silly packumentCache full:https://registry.npmjs.org/statuses cache-hit
228 silly fetch manifest inherits@~2.0.4
229 silly packumentCache full:https://registry.npmjs.org/inherits cache-miss
230 silly fetch manifest setprototypeof@~1.2.0
231 silly packumentCache full:https://registry.npmjs.org/setprototypeof cache-hit
232 silly fetch manifest toidentifier@~1.0.1
233 silly packumentCache full:https://registry.npmjs.org/toidentifier cache-miss
234 http cache https://registry.npmjs.org/unpipe 25ms (cache hit)
235 silly packumentCache full:https://registry.npmjs.org/unpipe set size:3609 disposed:false
236 silly fetch manifest ee-first@1.1.1
237 silly packumentCache full:https://registry.npmjs.org/ee-first cache-miss
238 http cache https://registry.npmjs.org/mime-types 27ms (cache hit)
239 silly packumentCache full:https://registry.npmjs.org/mime-types set size:139110 disposed:false
240 silly fetch manifest forwarded@0.2.0
241 silly packumentCache full:https://registry.npmjs.org/forwarded cache-miss
242 http cache https://registry.npmjs.org/negotiator 29ms (cache hit)
243 silly packumentCache full:https://registry.npmjs.org/negotiator set size:56148 disposed:false
244 silly fetch manifest ipaddr.js@1.9.1
245 silly packumentCache full:https://registry.npmjs.org/ipaddr.js cache-miss
246 http cache https://registry.npmjs.org/bytes 32ms (cache hit)
247 silly packumentCache full:https://registry.npmjs.org/bytes set size:37018 disposed:false
248 silly fetch manifest side-channel@^1.1.1
249 silly packumentCache full:https://registry.npmjs.org/side-channel cache-miss
250 http cache https://registry.npmjs.org/raw-body 33ms (cache hit)
251 silly packumentCache full:https://registry.npmjs.org/raw-body set size:120042 disposed:false
252 silly fetch manifest es-define-property@^1.0.1
253 silly packumentCache full:https://registry.npmjs.org/es-define-property cache-miss
254 http cache https://registry.npmjs.org/iconv-lite 36ms (cache hit)
255 silly packumentCache full:https://registry.npmjs.org/iconv-lite set size:126462 disposed:false
256 silly fetch manifest ms@2.1.3
257 silly packumentCache full:https://registry.npmjs.org/ms cache-miss
258 http cache https://registry.npmjs.org/destroy 38ms (cache hit)
259 silly packumentCache full:https://registry.npmjs.org/destroy set size:15738 disposed:false
260 silly fetch manifest mime@1.6.0
261 silly packumentCache full:https://registry.npmjs.org/mime cache-miss
262 http cache https://registry.npmjs.org/ms 37ms (cache hit)
263 silly packumentCache full:https://registry.npmjs.org/ms set size:92208 disposed:false
264 silly fetch manifest destroy@1.2.0
265 silly packumentCache full:https://registry.npmjs.org/destroy cache-hit
266 silly fetch manifest mime-types@~2.1.24
267 silly packumentCache full:https://registry.npmjs.org/mime-types cache-hit
268 silly fetch manifest media-typer@0.3.0
269 silly packumentCache full:https://registry.npmjs.org/media-typer cache-miss
270 http cache https://registry.npmjs.org/inherits 38ms (cache hit)
271 silly packumentCache full:https://registry.npmjs.org/inherits set size:12925 disposed:false
272 http cache https://registry.npmjs.org/unpipe 41ms (cache hit)
273 silly packumentCache full:https://registry.npmjs.org/unpipe set size:3609 disposed:false
274 silly packumentCache full:https://registry.npmjs.org/unpipe dispose
275 http cache https://registry.npmjs.org/toidentifier 39ms (cache hit)
276 silly packumentCache full:https://registry.npmjs.org/toidentifier set size:12006 disposed:false
277 http cache https://registry.npmjs.org/ipaddr.js 25ms (cache hit)
278 silly packumentCache full:https://registry.npmjs.org/ipaddr.js set size:84329 disposed:false
279 http cache https://registry.npmjs.org/ee-first 33ms (cache hit)
280 silly packumentCache full:https://registry.npmjs.org/ee-first set size:15327 disposed:false
281 http cache https://registry.npmjs.org/forwarded 31ms (cache hit)
282 silly packumentCache full:https://registry.npmjs.org/forwarded set size:11229 disposed:false
283 http cache https://registry.npmjs.org/es-define-property 25ms (cache hit)
284 silly packumentCache full:https://registry.npmjs.org/es-define-property set size:8542 disposed:false
285 http cache https://registry.npmjs.org/side-channel 28ms (cache hit)
286 silly packumentCache full:https://registry.npmjs.org/side-channel set size:27650 disposed:false
287 http cache https://registry.npmjs.org/ms 24ms (cache hit)
288 silly packumentCache full:https://registry.npmjs.org/ms set size:92208 disposed:false
289 silly packumentCache full:https://registry.npmjs.org/ms dispose
290 http cache https://registry.npmjs.org/mime 25ms (cache hit)
291 silly packumentCache full:https://registry.npmjs.org/mime set size:119236 disposed:false
292 http cache https://registry.npmjs.org/media-typer 26ms (cache hit)
293 silly packumentCache full:https://registry.npmjs.org/media-typer set size:22074 disposed:false
294 silly placeDep ROOT mime-types@2.1.35 OK for: accepts@1.3.8 want: ~2.1.34
295 silly placeDep ROOT negotiator@0.6.3 OK for: accepts@1.3.8 want: 0.6.3
296 silly fetch manifest mime-db@1.52.0
297 silly packumentCache full:https://registry.npmjs.org/mime-db cache-miss
298 http cache https://registry.npmjs.org/mime-db 9ms (cache hit)
299 silly packumentCache full:https://registry.npmjs.org/mime-db set size:164953 disposed:false
300 silly placeDep ROOT bytes@3.1.2 OK for: body-parser@1.20.6 want: ~3.1.2
301 silly placeDep ROOT destroy@1.2.0 OK for: body-parser@1.20.6 want: ~1.2.0
302 silly placeDep ROOT iconv-lite@0.4.24 OK for: body-parser@1.20.6 want: ~0.4.24
303 silly placeDep ROOT raw-body@2.5.3 OK for: body-parser@1.20.6 want: ~2.5.3
304 silly placeDep ROOT unpipe@1.0.0 OK for: body-parser@1.20.6 want: ~1.0.0
305 silly fetch manifest safer-buffer@>= 2.1.2 < 3
306 silly packumentCache full:https://registry.npmjs.org/safer-buffer cache-miss
307 http cache https://registry.npmjs.org/safer-buffer 7ms (cache hit)
308 silly packumentCache full:https://registry.npmjs.org/safer-buffer set size:18521 disposed:false
309 silly placeDep ROOT ms@2.0.0 OK for: debug@2.6.9 want: 2.0.0
310 silly placeDep ROOT inherits@2.0.4 OK for: http-errors@2.0.1 want: ~2.0.4
311 silly placeDep ROOT toidentifier@1.0.1 OK for: http-errors@2.0.1 want: ~1.0.1
312 silly placeDep ROOT safer-buffer@2.1.2 OK for: iconv-lite@0.4.24 want: >= 2.1.2 < 3
313 silly placeDep ROOT mime-db@1.52.0 OK for: mime-types@2.1.35 want: 1.52.0
314 silly placeDep ROOT ee-first@1.1.1 OK for: on-finished@2.4.1 want: 1.1.1
315 silly placeDep ROOT forwarded@0.2.0 OK for: proxy-addr@2.0.7 want: 0.2.0
316 silly placeDep ROOT ipaddr.js@1.9.1 OK for: proxy-addr@2.0.7 want: 1.9.1
317 silly placeDep ROOT es-define-property@1.0.1 OK for: qs@6.15.3 want: ^1.0.1
318 silly placeDep ROOT side-channel@1.1.1 OK for: qs@6.15.3 want: ^1.1.1
319 silly fetch manifest es-errors@^1.3.0
320 silly packumentCache full:https://registry.npmjs.org/es-errors cache-miss
321 silly fetch manifest object-inspect@^1.13.4
322 silly packumentCache full:https://registry.npmjs.org/object-inspect cache-miss
323 silly fetch manifest side-channel-list@^1.0.1
324 silly packumentCache full:https://registry.npmjs.org/side-channel-list cache-miss
325 silly fetch manifest side-channel-map@^1.0.1
326 silly packumentCache full:https://registry.npmjs.org/side-channel-map cache-miss
327 silly fetch manifest side-channel-weakmap@^1.0.2
328 silly packumentCache full:https://registry.npmjs.org/side-channel-weakmap cache-miss
329 http cache https://registry.npmjs.org/side-channel-weakmap 16ms (cache hit)
330 silly packumentCache full:https://registry.npmjs.org/side-channel-weakmap set size:12620 disposed:false
331 http cache https://registry.npmjs.org/es-errors 19ms (cache hit)
332 silly packumentCache full:https://registry.npmjs.org/es-errors set size:16918 disposed:false
333 http cache https://registry.npmjs.org/side-channel-list 19ms (cache hit)
334 silly packumentCache full:https://registry.npmjs.org/side-channel-list set size:9021 disposed:false
335 http cache https://registry.npmjs.org/object-inspect 20ms (cache hit)
336 silly packumentCache full:https://registry.npmjs.org/object-inspect set size:101927 disposed:false
337 http cache https://registry.npmjs.org/side-channel-map 20ms (cache hit)
338 silly packumentCache full:https://registry.npmjs.org/side-channel-map set size:9126 disposed:false
339 silly placeDep ROOT mime@1.6.0 OK for: send@0.19.2 want: 1.6.0
340 silly placeDep node_modules/send ms@2.1.3 OK for: send@0.19.2 want: 2.1.3
341 silly placeDep ROOT es-errors@1.3.0 OK for: side-channel@1.1.1 want: ^1.3.0
342 silly placeDep ROOT object-inspect@1.13.4 OK for: side-channel@1.1.1 want: ^1.13.4
343 silly placeDep ROOT side-channel-list@1.0.1 OK for: side-channel@1.1.1 want: ^1.0.1
344 silly placeDep ROOT side-channel-map@1.0.1 OK for: side-channel@1.1.1 want: ^1.0.1
345 silly placeDep ROOT side-channel-weakmap@1.0.2 OK for: side-channel@1.1.1 want: ^1.0.2
346 silly fetch manifest call-bound@^1.0.2
347 silly packumentCache full:https://registry.npmjs.org/call-bound cache-miss
348 silly fetch manifest get-intrinsic@^1.2.5
349 silly packumentCache full:https://registry.npmjs.org/get-intrinsic cache-miss
350 silly fetch manifest call-bound@^1.0.2
351 silly packumentCache full:https://registry.npmjs.org/call-bound cache-miss
352 silly fetch manifest get-intrinsic@^1.2.5
353 silly packumentCache full:https://registry.npmjs.org/get-intrinsic cache-miss
354 http cache https://registry.npmjs.org/get-intrinsic 11ms (cache hit)
355 silly packumentCache full:https://registry.npmjs.org/get-intrinsic set size:60985 disposed:false
356 http cache https://registry.npmjs.org/call-bound 14ms (cache hit)
357 silly packumentCache full:https://registry.npmjs.org/call-bound set size:15317 disposed:false
358 http cache https://registry.npmjs.org/get-intrinsic 17ms (cache hit)
359 silly packumentCache full:https://registry.npmjs.org/get-intrinsic set size:60985 disposed:false
360 silly packumentCache full:https://registry.npmjs.org/get-intrinsic dispose
361 http cache https://registry.npmjs.org/call-bound 19ms (cache hit)
362 silly packumentCache full:https://registry.npmjs.org/call-bound set size:15317 disposed:false
363 silly packumentCache full:https://registry.npmjs.org/call-bound dispose
364 silly placeDep ROOT call-bound@1.0.4 OK for: side-channel-map@1.0.1 want: ^1.0.2
365 silly placeDep ROOT get-intrinsic@1.3.0 OK for: side-channel-map@1.0.1 want: ^1.2.5
366 silly fetch manifest call-bind-apply-helpers@^1.0.2
367 silly packumentCache full:https://registry.npmjs.org/call-bind-apply-helpers cache-miss
368 silly fetch manifest get-intrinsic@^1.3.0
369 silly packumentCache full:https://registry.npmjs.org/get-intrinsic cache-hit
370 silly fetch manifest gopd@^1.2.0
371 silly packumentCache full:https://registry.npmjs.org/gopd cache-miss
372 silly fetch manifest hasown@^2.0.2
373 silly packumentCache full:https://registry.npmjs.org/hasown cache-miss
374 silly fetch manifest get-proto@^1.0.1
375 silly packumentCache full:https://registry.npmjs.org/get-proto cache-miss
376 silly fetch manifest has-symbols@^1.1.0
377 silly packumentCache full:https://registry.npmjs.org/has-symbols cache-miss
378 silly fetch manifest function-bind@^1.1.2
379 silly packumentCache full:https://registry.npmjs.org/function-bind cache-miss
380 silly fetch manifest es-object-atoms@^1.1.1
381 silly packumentCache full:https://registry.npmjs.org/es-object-atoms cache-miss
382 silly fetch manifest math-intrinsics@^1.1.0
383 silly packumentCache full:https://registry.npmjs.org/math-intrinsics cache-miss
384 silly fetch manifest call-bind-apply-helpers@^1.0.2
385 silly packumentCache full:https://registry.npmjs.org/call-bind-apply-helpers cache-miss
386 http cache https://registry.npmjs.org/hasown 19ms (cache hit)
387 silly packumentCache full:https://registry.npmjs.org/hasown set size:18361 disposed:false
388 http cache https://registry.npmjs.org/call-bind-apply-helpers 21ms (cache hit)
389 silly packumentCache full:https://registry.npmjs.org/call-bind-apply-helpers set size:12744 disposed:false
390 http cache https://registry.npmjs.org/gopd 23ms (cache hit)
391 silly packumentCache full:https://registry.npmjs.org/gopd set size:11483 disposed:false
392 http cache https://registry.npmjs.org/function-bind 23ms (cache hit)
393 silly packumentCache full:https://registry.npmjs.org/function-bind set size:15733 disposed:false
394 http cache https://registry.npmjs.org/has-symbols 24ms (cache hit)
395 silly packumentCache full:https://registry.npmjs.org/has-symbols set size:21550 disposed:false
396 http cache https://registry.npmjs.org/get-proto 25ms (cache hit)
397 silly packumentCache full:https://registry.npmjs.org/get-proto set size:8300 disposed:false
398 http cache https://registry.npmjs.org/es-object-atoms 25ms (cache hit)
399 silly packumentCache full:https://registry.npmjs.org/es-object-atoms set size:18278 disposed:false
400 http cache https://registry.npmjs.org/math-intrinsics 25ms (cache hit)
401 silly packumentCache full:https://registry.npmjs.org/math-intrinsics set size:9265 disposed:false
402 http cache https://registry.npmjs.org/call-bind-apply-helpers 26ms (cache hit)
403 silly packumentCache full:https://registry.npmjs.org/call-bind-apply-helpers set size:12744 disposed:false
404 silly packumentCache full:https://registry.npmjs.org/call-bind-apply-helpers dispose
405 silly placeDep ROOT call-bind-apply-helpers@1.0.2 OK for: call-bound@1.0.4 want: ^1.0.2
406 silly placeDep ROOT function-bind@1.1.2 OK for: call-bind-apply-helpers@1.0.2 want: ^1.1.2
407 silly placeDep ROOT es-object-atoms@1.1.2 OK for: get-intrinsic@1.3.0 want: ^1.1.1
408 silly placeDep ROOT get-proto@1.0.1 OK for: get-intrinsic@1.3.0 want: ^1.0.1
409 silly placeDep ROOT gopd@1.2.0 OK for: get-intrinsic@1.3.0 want: ^1.2.0
410 silly placeDep ROOT has-symbols@1.1.0 OK for: get-intrinsic@1.3.0 want: ^1.1.0
411 silly placeDep ROOT hasown@2.0.4 OK for: get-intrinsic@1.3.0 want: ^2.0.2
412 silly placeDep ROOT math-intrinsics@1.1.0 OK for: get-intrinsic@1.3.0 want: ^1.1.0
413 silly fetch manifest dunder-proto@^1.0.1
414 silly packumentCache full:https://registry.npmjs.org/dunder-proto cache-miss
415 http cache https://registry.npmjs.org/dunder-proto 10ms (cache hit)
416 silly packumentCache full:https://registry.npmjs.org/dunder-proto set size:8256 disposed:false
417 silly placeDep ROOT dunder-proto@1.0.1 OK for: get-proto@1.0.1 want: ^1.0.1
418 silly placeDep ROOT media-typer@0.3.0 OK for: type-is@1.6.18 want: 0.3.0
419 verbose type range
420 verbose stack @google/genai: No matching version found for @google/genai@^0.1.1.
420 verbose stack     at module.exports (C:\Program Files\nodejs\node_modules\npm\node_modules\npm-pick-manifest\lib\index.js:215:23)
420 verbose stack     at RegistryFetcher.manifest (C:\Program Files\nodejs\node_modules\npm\node_modules\pacote\lib\registry.js:130:54)
420 verbose stack     at async #fetchManifest (C:\Program Files\nodejs\node_modules\npm\node_modules\@npmcli\arborist\lib\arborist\build-ideal-tree.js:1202:20)
420 verbose stack     at async #nodeFromEdge (C:\Program Files\nodejs\node_modules\npm\node_modules\@npmcli\arborist\lib\arborist\build-ideal-tree.js:1040:19)
420 verbose stack     at async #buildDepStep (C:\Program Files\nodejs\node_modules\npm\node_modules\@npmcli\arborist\lib\arborist\build-ideal-tree.js:904:11)
420 verbose stack     at async Arborist.buildIdealTree (C:\Program Files\nodejs\node_modules\npm\node_modules\@npmcli\arborist\lib\arborist\build-ideal-tree.js:181:7)
420 verbose stack     at async Promise.all (index 1)
420 verbose stack     at async Arborist.reify (C:\Program Files\nodejs\node_modules\npm\node_modules\@npmcli\arborist\lib\arborist\reify.js:131:5)
420 verbose stack     at async Install.exec (C:\Program Files\nodejs\node_modules\npm\lib\commands\install.js:150:5)
420 verbose stack     at async Npm.exec (C:\Program Files\nodejs\node_modules\npm\lib\npm.js:207:9)
421 error code ETARGET
422 error notarget No matching version found for @google/genai@^0.1.1.
423 error notarget In most cases you or one of your dependencies are requesting
423 error notarget a package version that doesn't exist.
424 silly unfinished npm timer reify 1787584486033
425 silly unfinished npm timer reify:loadTrees 1787584486037
426 verbose cwd E:\portfolio\my-portfolio\server
427 verbose os Windows_NT 10.0.26200
428 verbose node v22.14.0
429 verbose npm  v10.9.2
430 verbose exit 1
431 verbose code 1
432 error A complete log of this run can be found in: E:\portfolio\my-portfolio\server\.npm-cache\_logs\2026-08-24T15_14_44_587Z-debug-0.log
