0 verbose cli C:\Program Files\nodejs\node.exe C:\Program Files\nodejs\node_modules\npm\bin\npm-cli.js
1 info using npm@10.9.2
2 info using node@v22.14.0
3 silly config load:file:C:\Program Files\nodejs\node_modules\npm\npmrc
4 silly config load:file:e:\portfolio\my-portfolio\server\.npmrc
5 silly config load:file:C:\Users\HP\.npmrc
6 silly config load:file:E:\portfolio\my-portfolio\server\.npm-global\etc\npmrc
7 verbose title npm ls @google/genai
8 verbose argv "ls" "--json" "--depth" "0" "--" "@google/genai"
9 verbose logfile logs-max:10 dir:E:\portfolio\my-portfolio\server\.npm-cache\_logs\2026-08-24T15_56_45_765Z-
10 verbose logfile E:\portfolio\my-portfolio\server\.npm-cache\_logs\2026-08-24T15_56_45_765Z-debug-0.log
11 silly logfile start cleaning logs, removing 1 files
12 silly packumentCache heap:2197815296 maxSize:549453824 maxEntrySize:274726912
13 silly logfile done cleaning log files
14 verbose cwd e:\portfolio\my-portfolio\server
15 verbose os Windows_NT 10.0.26200
16 verbose node v22.14.0
17 verbose npm  v10.9.2
18 verbose exit 0
19 info ok
